============================= test session starts ==============================
platform linux -- Python 3.12.3, pytest-9.0.2, pluggy-1.6.0
rootdir: /home/skawn1057/Development/03-AdEasy-GenAI-Service
plugins: cov-7.0.0, anyio-4.12.1, langsmith-0.6.1, asyncio-1.3.0
asyncio: mode=Mode.STRICT, debug=False, asyncio_default_fixture_loop_scope=None, asyncio_default_test_loop_scope=function
collected 0 items / 1 error

==================================== ERRORS ====================================
_______________ ERROR collecting backend/tests/test_agent_e2e.py _______________
ImportError while importing test module '/home/skawn1057/Development/03-AdEasy-GenAI-Service/backend/tests/test_agent_e2e.py'.
Hint: make sure your test modules/packages have valid Python names.
Traceback:
/usr/lib/python3.12/importlib/__init__.py:90: in import_module
    return _bootstrap._gcd_import(name[level:], package, level)
           ^^^^^^^^^^^^^^^^^^^^^^^^^^^^^^^^^^^^^^^^^^^^^^^^^^^^
backend/tests/test_agent_e2e.py:3: in <module>
    from pipeline.agent import AdGenAgent
backend/pipeline/agent.py:4: in <module>
    from langchain.agents.agent import AgentExecutor
E   ModuleNotFoundError: No module named 'langchain.agents.agent'
=========================== short test summary info ============================
ERROR backend/tests/test_agent_e2e.py
!!!!!!!!!!!!!!!!!!!! Interrupted: 1 error during collection !!!!!!!!!!!!!!!!!!!!
=============================== 1 error in 7.05s ===============================
